******************************************************************************
             TMS320C2000 Linker PC v22.6.0                     
******************************************************************************
>> Linked Fri Apr  4 13:04:54 2025

OUTPUT FILE NAME:   <Example_2833xDMA_ram_to_ram.out>
ENTRY POINT SYMBOL: "code_start"  address: 00000000


MEMORY CONFIGURATION

         name            origin    length      used     unused   attr    fill
----------------------  --------  ---------  --------  --------  ----  --------
PAGE 0:
  BEGIN                 00000000   00000002  00000002  00000000  RWIX
  ZONE0                 00004000   00001000  00000000  00001000  RWIX
  RAML0toL5             00008000   00006000  00000abc  00005544  RWIX
  ZONE6                 00100000   00100000  00000000  00100000  RWIX
  ZONE7A                00200000   0000fc00  00000000  0000fc00  RWIX
  FLASHH                00300000   00008000  00000000  00008000  RWIX
  FLASHG                00308000   00008000  00000000  00008000  RWIX
  FLASHF                00310000   00008000  00000000  00008000  RWIX
  FLASHE                00318000   00008000  00000000  00008000  RWIX
  FLASHD                00320000   00008000  00000000  00008000  RWIX
  FLASHC                00328000   00008000  00000000  00008000  RWIX
  FLASHB                00330000   00008000  00000000  00008000  RWIX
  FLASHA                00338000   00007f80  00000000  00007f80  RWIX
  CSM_RSVD              0033ff80   00000076  00000000  00000076  RWIX
  CSM_PWL               0033fff8   00000008  00000000  00000008  RWIX
  ADC_CAL               00380080   00000009  00000007  00000002  RWIX
  OTP                   00380400   00000400  00000000  00000400  RWIX
  IQTABLES              003fe000   00000b50  00000000  00000b50  RWIX
  IQTABLES2             003feb50   0000008c  00000000  0000008c  RWIX
  FPUTABLES             003febdc   000006a0  00000000  000006a0  RWIX
  ROM                   003ff27c   00000d44  00000000  00000d44  RWIX
  RESET                 003fffc0   00000002  00000000  00000002  RWIX
  VECTORS               003fffc2   0000003e  00000000  0000003e  RWIX

PAGE 1:
  BOOT_RSVD             00000000   00000050  00000000  00000050  RWIX
  RAMM                  00000050   000007b0  00000780  00000030  RWIX
  DEV_EMU               00000880   00000180  000000d0  000000b0  RWIX
  FLASH_REGS            00000a80   00000060  00000008  00000058  RWIX
  CSM                   00000ae0   00000010  00000010  00000000  RWIX
  ADC_MIRROR            00000b00   00000010  00000010  00000000  RWIX
  XINTF                 00000b20   00000020  0000001e  00000002  RWIX
  CPU_TIMER0            00000c00   00000008  00000008  00000000  RWIX
  CPU_TIMER1            00000c08   00000008  00000008  00000000  RWIX
  CPU_TIMER2            00000c10   00000008  00000008  00000000  RWIX
  PIE_CTRL              00000ce0   00000020  0000001a  00000006  RWIX
  PIE_VECT              00000d00   00000100  00000100  00000000  RWIX
  DMA                   00001000   00000200  000000e0  00000120  RWIX
  MCBSPA                00005000   00000040  00000025  0000001b  RWIX
  MCBSPB                00005040   00000040  00000025  0000001b  RWIX
  ECANA                 00006000   00000040  00000034  0000000c  RWIX
  ECANA_LAM             00006040   00000040  00000040  00000000  RWIX
  ECANA_MOTS            00006080   00000040  00000040  00000000  RWIX
  ECANA_MOTO            000060c0   00000040  00000040  00000000  RWIX
  ECANA_MBOX            00006100   00000100  00000100  00000000  RWIX
  ECANB                 00006200   00000040  00000034  0000000c  RWIX
  ECANB_LAM             00006240   00000040  00000040  00000000  RWIX
  ECANB_MOTS            00006280   00000040  00000040  00000000  RWIX
  ECANB_MOTO            000062c0   00000040  00000040  00000000  RWIX
  ECANB_MBOX            00006300   00000100  00000100  00000000  RWIX
  EPWM1                 00006800   00000022  00000022  00000000  RWIX
  EPWM2                 00006840   00000022  00000022  00000000  RWIX
  EPWM3                 00006880   00000022  00000022  00000000  RWIX
  EPWM4                 000068c0   00000022  00000022  00000000  RWIX
  EPWM5                 00006900   00000022  00000022  00000000  RWIX
  EPWM6                 00006940   00000022  00000022  00000000  RWIX
  ECAP1                 00006a00   00000020  00000020  00000000  RWIX
  ECAP2                 00006a20   00000020  00000020  00000000  RWIX
  ECAP3                 00006a40   00000020  00000020  00000000  RWIX
  ECAP4                 00006a60   00000020  00000020  00000000  RWIX
  ECAP5                 00006a80   00000020  00000020  00000000  RWIX
  ECAP6                 00006aa0   00000020  00000020  00000000  RWIX
  EQEP1                 00006b00   00000040  00000040  00000000  RWIX
  EQEP2                 00006b40   00000040  00000040  00000000  RWIX
  GPIOCTRL              00006f80   00000040  0000002e  00000012  RWIX
  GPIODAT               00006fc0   00000020  00000020  00000000  RWIX
  GPIOINT               00006fe0   00000020  0000000a  00000016  RWIX
  SYSTEM                00007010   00000020  00000020  00000000  RWIX
  SPIA                  00007040   00000010  00000010  00000000  RWIX
  SCIA                  00007050   00000010  00000010  00000000  RWIX
  XINTRUPT              00007070   00000010  00000010  00000000  RWIX
  ADC                   00007100   00000020  0000001e  00000002  RWIX
  SCIB                  00007750   00000010  00000010  00000000  RWIX
  SCIC                  00007770   00000010  00000010  00000000  RWIX
  I2CA                  00007900   00000040  00000022  0000001e  RWIX
  RAML6toL7             0000e000   00002000  0000040e  00001bf2  RWIX
  ZONE7B                0020fc00   00000400  00000000  00000400  RWIX
  CSM_PWL               0033fff8   00000008  00000008  00000000  RWIX
  PARTID                00380090   00000001  00000001  00000000  RWIX


SECTION ALLOCATION MAP

 output                                  attributes/
section   page    origin      length       input sections
--------  ----  ----------  ----------   ----------------
.cinit     0    00008a9e    0000001a     
                  00008a9e    0000000e     rts2800_fpu32.lib : exit.c.obj (.cinit)
                  00008aac    00000005                       : _lock.c.obj (.cinit:__lock)
                  00008ab1    00000005                       : _lock.c.obj (.cinit:__unlock)
                  00008ab6    00000002     --HOLE-- [fill = 0]

.pinit     0    00008000    00000000     UNINITIALIZED

codestart 
*          0    00000000    00000002     
                  00000000    00000002     DSP2833x_CodeStartBranch.obj (codestart)

.text      0    00008000    0000099e     
                  00008000    000003e9     DSP2833x_DMA.obj (.text)
                  000083e9    00000316     DSP2833x_DefaultIsr.obj (.text:retain)
                  000086ff    000000f7     DSP2833x_SysCtrl.obj (.text)
                  000087f6    0000006c     Example_2833xDMA_ram_to_ram.obj (.text)
                  00008862    00000056     rts2800_fpu32.lib : boot28.asm.obj (.text)
                  000088b8    00000029                       : exit.c.obj (.text)
                  000088e1    00000028     DSP2833x_PieCtrl.obj (.text)
                  00008909    00000024     rts2800_fpu32.lib : cpy_tbl.c.obj (.text)
                  0000892d    00000020     DSP2833x_PieVect.obj (.text)
                  0000894d    0000001d     rts2800_fpu32.lib : memcpy.c.obj (.text)
                  0000896a    00000012                       : args_main.c.obj (.text)
                  0000897c    0000000e     Example_2833xDMA_ram_to_ram.obj (.text:retain)
                  0000898a    00000009     rts2800_fpu32.lib : _lock.c.obj (.text)
                  00008993    00000008     DSP2833x_CodeStartBranch.obj (.text)
                  0000899b    00000002     rts2800_fpu32.lib : pre_init.c.obj (.text)
                  0000899d    00000001                       : startup.c.obj (.text)

.TI.ramfunc 
*          0    00008ab8    00000004     
                  00008ab8    00000004     DSP2833x_usDelay.obj (.TI.ramfunc)

.stack     1    00000050    00000380     UNINITIALIZED
                  00000050    00000380     --HOLE--

.ebss      1    0000e000    0000000e     UNINITIALIZED
                  0000e000    00000006     rts2800_fpu32.lib : exit.c.obj (.ebss)
                  0000e006    00000004     Example_2833xDMA_ram_to_ram.obj (.ebss)
                  0000e00a    00000002     rts2800_fpu32.lib : _lock.c.obj (.ebss:__lock)
                  0000e00c    00000002                       : _lock.c.obj (.ebss:__unlock)

.econst    0    0000899e    00000100     
                  0000899e    00000100     DSP2833x_PieVect.obj (.econst:_PieVectTableInit)

.reset     0    003fffc0    00000002     DSECT
                  003fffc0    00000002     rts2800_fpu32.lib : boot28.asm.obj (.reset)

vectors    0    003fffc2    00000000     DSECT

.adc_cal   0    00380080    00000007     NOLOAD SECTION
                  00380080    00000007     DSP2833x_ADC_cal.obj (.adc_cal)

DevEmuRegsFile 
*          1    00000880    000000d0     UNINITIALIZED
                  00000880    000000d0     DSP2833x_GlobalVariableDefs.obj (DevEmuRegsFile)

FlashRegsFile 
*          1    00000a80    00000008     UNINITIALIZED
                  00000a80    00000008     DSP2833x_GlobalVariableDefs.obj (FlashRegsFile)

CsmRegsFile 
*          1    00000ae0    00000010     UNINITIALIZED
                  00000ae0    00000010     DSP2833x_GlobalVariableDefs.obj (CsmRegsFile)

AdcMirrorFile 
*          1    00000b00    00000010     UNINITIALIZED
                  00000b00    00000010     DSP2833x_GlobalVariableDefs.obj (AdcMirrorFile)

XintfRegsFile 
*          1    00000b20    0000001e     UNINITIALIZED
                  00000b20    0000001e     DSP2833x_GlobalVariableDefs.obj (XintfRegsFile)

CpuTimer0RegsFile 
*          1    00000c00    00000008     UNINITIALIZED
                  00000c00    00000008     DSP2833x_GlobalVariableDefs.obj (CpuTimer0RegsFile)

CpuTimer1RegsFile 
*          1    00000c08    00000008     UNINITIALIZED
                  00000c08    00000008     DSP2833x_GlobalVariableDefs.obj (CpuTimer1RegsFile)

CpuTimer2RegsFile 
*          1    00000c10    00000008     UNINITIALIZED
                  00000c10    00000008     DSP2833x_GlobalVariableDefs.obj (CpuTimer2RegsFile)

PieCtrlRegsFile 
*          1    00000ce0    0000001a     UNINITIALIZED
                  00000ce0    0000001a     DSP2833x_GlobalVariableDefs.obj (PieCtrlRegsFile)

PieVectTableFile 
*          1    00000d00    00000100     UNINITIALIZED
                  00000d00    00000100     DSP2833x_GlobalVariableDefs.obj (PieVectTableFile)

DmaRegsFile 
*          1    00001000    000000e0     UNINITIALIZED
                  00001000    000000e0     DSP2833x_GlobalVariableDefs.obj (DmaRegsFile)

McbspaRegsFile 
*          1    00005000    00000025     UNINITIALIZED
                  00005000    00000025     DSP2833x_GlobalVariableDefs.obj (McbspaRegsFile)

McbspbRegsFile 
*          1    00005040    00000025     UNINITIALIZED
                  00005040    00000025     DSP2833x_GlobalVariableDefs.obj (McbspbRegsFile)

ECanaRegsFile 
*          1    00006000    00000034     UNINITIALIZED
                  00006000    00000034     DSP2833x_GlobalVariableDefs.obj (ECanaRegsFile)

ECanaLAMRegsFile 
*          1    00006040    00000040     UNINITIALIZED
                  00006040    00000040     DSP2833x_GlobalVariableDefs.obj (ECanaLAMRegsFile)

ECanaMOTSRegsFile 
*          1    00006080    00000040     UNINITIALIZED
                  00006080    00000040     DSP2833x_GlobalVariableDefs.obj (ECanaMOTSRegsFile)

ECanaMOTORegsFile 
*          1    000060c0    00000040     UNINITIALIZED
                  000060c0    00000040     DSP2833x_GlobalVariableDefs.obj (ECanaMOTORegsFile)

ECanaMboxesFile 
*          1    00006100    00000100     UNINITIALIZED
                  00006100    00000100     DSP2833x_GlobalVariableDefs.obj (ECanaMboxesFile)

ECanbRegsFile 
*          1    00006200    00000034     UNINITIALIZED
                  00006200    00000034     DSP2833x_GlobalVariableDefs.obj (ECanbRegsFile)

ECanbLAMRegsFile 
*          1    00006240    00000040     UNINITIALIZED
                  00006240    00000040     DSP2833x_GlobalVariableDefs.obj (ECanbLAMRegsFile)

ECanbMOTSRegsFile 
*          1    00006280    00000040     UNINITIALIZED
                  00006280    00000040     DSP2833x_GlobalVariableDefs.obj (ECanbMOTSRegsFile)

ECanbMOTORegsFile 
*          1    000062c0    00000040     UNINITIALIZED
                  000062c0    00000040     DSP2833x_GlobalVariableDefs.obj (ECanbMOTORegsFile)

ECanbMboxesFile 
*          1    00006300    00000100     UNINITIALIZED
                  00006300    00000100     DSP2833x_GlobalVariableDefs.obj (ECanbMboxesFile)

EPwm1RegsFile 
*          1    00006800    00000022     UNINITIALIZED
                  00006800    00000022     DSP2833x_GlobalVariableDefs.obj (EPwm1RegsFile)

EPwm2RegsFile 
*          1    00006840    00000022     UNINITIALIZED
                  00006840    00000022     DSP2833x_GlobalVariableDefs.obj (EPwm2RegsFile)

EPwm3RegsFile 
*          1    00006880    00000022     UNINITIALIZED
                  00006880    00000022     DSP2833x_GlobalVariableDefs.obj (EPwm3RegsFile)

EPwm4RegsFile 
*          1    000068c0    00000022     UNINITIALIZED
                  000068c0    00000022     DSP2833x_GlobalVariableDefs.obj (EPwm4RegsFile)

EPwm5RegsFile 
*          1    00006900    00000022     UNINITIALIZED
                  00006900    00000022     DSP2833x_GlobalVariableDefs.obj (EPwm5RegsFile)

EPwm6RegsFile 
*          1    00006940    00000022     UNINITIALIZED
                  00006940    00000022     DSP2833x_GlobalVariableDefs.obj (EPwm6RegsFile)

ECap1RegsFile 
*          1    00006a00    00000020     UNINITIALIZED
                  00006a00    00000020     DSP2833x_GlobalVariableDefs.obj (ECap1RegsFile)

ECap2RegsFile 
*          1    00006a20    00000020     UNINITIALIZED
                  00006a20    00000020     DSP2833x_GlobalVariableDefs.obj (ECap2RegsFile)

ECap3RegsFile 
*          1    00006a40    00000020     UNINITIALIZED
                  00006a40    00000020     DSP2833x_GlobalVariableDefs.obj (ECap3RegsFile)

ECap4RegsFile 
*          1    00006a60    00000020     UNINITIALIZED
                  00006a60    00000020     DSP2833x_GlobalVariableDefs.obj (ECap4RegsFile)

ECap5RegsFile 
*          1    00006a80    00000020     UNINITIALIZED
                  00006a80    00000020     DSP2833x_GlobalVariableDefs.obj (ECap5RegsFile)

ECap6RegsFile 
*          1    00006aa0    00000020     UNINITIALIZED
                  00006aa0    00000020     DSP2833x_GlobalVariableDefs.obj (ECap6RegsFile)

EQep1RegsFile 
*          1    00006b00    00000040     UNINITIALIZED
                  00006b00    00000040     DSP2833x_GlobalVariableDefs.obj (EQep1RegsFile)

EQep2RegsFile 
*          1    00006b40    00000040     UNINITIALIZED
                  00006b40    00000040     DSP2833x_GlobalVariableDefs.obj (EQep2RegsFile)

GpioCtrlRegsFile 
*          1    00006f80    0000002e     UNINITIALIZED
                  00006f80    0000002e     DSP2833x_GlobalVariableDefs.obj (GpioCtrlRegsFile)

GpioDataRegsFile 
*          1    00006fc0    00000020     UNINITIALIZED
                  00006fc0    00000020     DSP2833x_GlobalVariableDefs.obj (GpioDataRegsFile)

GpioIntRegsFile 
*          1    00006fe0    0000000a     UNINITIALIZED
                  00006fe0    0000000a     DSP2833x_GlobalVariableDefs.obj (GpioIntRegsFile)

SysCtrlRegsFile 
*          1    00007010    00000020     UNINITIALIZED
                  00007010    00000020     DSP2833x_GlobalVariableDefs.obj (SysCtrlRegsFile)

SpiaRegsFile 
*          1    00007040    00000010     UNINITIALIZED
                  00007040    00000010     DSP2833x_GlobalVariableDefs.obj (SpiaRegsFile)

SciaRegsFile 
*          1    00007050    00000010     UNINITIALIZED
                  00007050    00000010     DSP2833x_GlobalVariableDefs.obj (SciaRegsFile)

XIntruptRegsFile 
*          1    00007070    00000010     UNINITIALIZED
                  00007070    00000010     DSP2833x_GlobalVariableDefs.obj (XIntruptRegsFile)

AdcRegsFile 
*          1    00007100    0000001e     UNINITIALIZED
                  00007100    0000001e     DSP2833x_GlobalVariableDefs.obj (AdcRegsFile)

ScibRegsFile 
*          1    00007750    00000010     UNINITIALIZED
                  00007750    00000010     DSP2833x_GlobalVariableDefs.obj (ScibRegsFile)

ScicRegsFile 
*          1    00007770    00000010     UNINITIALIZED
                  00007770    00000010     DSP2833x_GlobalVariableDefs.obj (ScicRegsFile)

I2caRegsFile 
*          1    00007900    00000022     UNINITIALIZED
                  00007900    00000022     DSP2833x_GlobalVariableDefs.obj (I2caRegsFile)

CsmPwlFile 
*          1    0033fff8    00000008     UNINITIALIZED
                  0033fff8    00000008     DSP2833x_GlobalVariableDefs.obj (CsmPwlFile)

PartIdRegsFile 
*          1    00380090    00000001     UNINITIALIZED
                  00380090    00000001     DSP2833x_GlobalVariableDefs.obj (PartIdRegsFile)

DMARAML4   1    00000400    00000400     UNINITIALIZED
                  00000400    00000400     Example_2833xDMA_ram_to_ram.obj (DMARAML4)

DMARAML5   1    0000e040    00000400     UNINITIALIZED
                  0000e040    00000400     Example_2833xDMA_ram_to_ram.obj (DMARAML5)

MODULE SUMMARY

       Module                            code   initialized data   uninitialized data
       ------                            ----   ----------------   ------------------
    .\
       DSP2833x_GlobalVariableDefs.obj   0      0                  2679              
       Example_2833xDMA_ram_to_ram.obj   122    0                  2052              
       DSP2833x_DMA.obj                  1001   0                  0                 
       DSP2833x_DefaultIsr.obj           790    0                  0                 
       DSP2833x_PieVect.obj              32     256                0                 
       DSP2833x_SysCtrl.obj              247    0                  0                 
       DSP2833x_PieCtrl.obj              40     0                  0                 
       DSP2833x_CodeStartBranch.obj      10     0                  0                 
       DSP2833x_ADC_cal.obj              7      0                  0                 
       DSP2833x_usDelay.obj              4      0                  0                 
    +--+---------------------------------+------+------------------+--------------------+
       Total:                            2253   256                4731              
                                                                                     
    C:/ti/ccs1240/ccs/tools/compiler/ti-cgt-c2000_22.6.0.LTS/lib/rts2800_fpu32.lib
       boot28.asm.obj                    86     0                  0                 
       exit.c.obj                        41     14                 6                 
       cpy_tbl.c.obj                     36     0                  0                 
       memcpy.c.obj                      29     0                  0                 
       _lock.c.obj                       9      10                 4                 
       args_main.c.obj                   18     0                  0                 
       pre_init.c.obj                    2      0                  0                 
       startup.c.obj                     1      0                  0                 
    +--+---------------------------------+------+------------------+--------------------+
       Total:                            222    24                 10                
                                                                                     
       Stack:                            0      0                  896               
    +--+---------------------------------+------+------------------+--------------------+
       Grand Total:                      2475   280                5637              


GLOBAL DATA SYMBOLS: SORTED BY DATA PAGE

address     data page           name
--------    ----------------    ----
00000050       1 (00000040)     __stack

00000400      10 (00000400)     _DMABuf1

00000880      22 (00000880)     _DevEmuRegs

00000a80      2a (00000a80)     _FlashRegs

00000ae0      2b (00000ac0)     _CsmRegs

00000b00      2c (00000b00)     _AdcMirror
00000b20      2c (00000b00)     _XintfRegs

00000c00      30 (00000c00)     _CpuTimer0Regs
00000c08      30 (00000c00)     _CpuTimer1Regs
00000c10      30 (00000c00)     _CpuTimer2Regs

00000ce0      33 (00000cc0)     _PieCtrlRegs

00000d00      34 (00000d00)     _PieVectTable

00001000      40 (00001000)     _DmaRegs

00005000     140 (00005000)     _McbspaRegs

00005040     141 (00005040)     _McbspbRegs

00006000     180 (00006000)     _ECanaRegs

00006040     181 (00006040)     _ECanaLAMRegs

00006080     182 (00006080)     _ECanaMOTSRegs

000060c0     183 (000060c0)     _ECanaMOTORegs

00006100     184 (00006100)     _ECanaMboxes

00006200     188 (00006200)     _ECanbRegs

00006240     189 (00006240)     _ECanbLAMRegs

00006280     18a (00006280)     _ECanbMOTSRegs

000062c0     18b (000062c0)     _ECanbMOTORegs

00006300     18c (00006300)     _ECanbMboxes

00006800     1a0 (00006800)     _EPwm1Regs

00006840     1a1 (00006840)     _EPwm2Regs

00006880     1a2 (00006880)     _EPwm3Regs

000068c0     1a3 (000068c0)     _EPwm4Regs

00006900     1a4 (00006900)     _EPwm5Regs

00006940     1a5 (00006940)     _EPwm6Regs

00006a00     1a8 (00006a00)     _ECap1Regs
00006a20     1a8 (00006a00)     _ECap2Regs

00006a40     1a9 (00006a40)     _ECap3Regs
00006a60     1a9 (00006a40)     _ECap4Regs

00006a80     1aa (00006a80)     _ECap5Regs
00006aa0     1aa (00006a80)     _ECap6Regs

00006b00     1ac (00006b00)     _EQep1Regs

00006b40     1ad (00006b40)     _EQep2Regs

00006f80     1be (00006f80)     _GpioCtrlRegs

00006fc0     1bf (00006fc0)     _GpioDataRegs
00006fe0     1bf (00006fc0)     _GpioIntRegs

00007010     1c0 (00007000)     _SysCtrlRegs

00007040     1c1 (00007040)     _SpiaRegs
00007050     1c1 (00007040)     _SciaRegs
00007070     1c1 (00007040)     _XIntruptRegs

00007100     1c4 (00007100)     _AdcRegs

00007750     1dd (00007740)     _ScibRegs
00007770     1dd (00007740)     _ScicRegs

00007900     1e4 (00007900)     _I2caRegs

0000899e     226 (00008980)     _PieVectTableInit

0000e000     380 (0000e000)     ___TI_enable_exit_profile_output
0000e002     380 (0000e000)     ___TI_cleanup_ptr
0000e004     380 (0000e000)     ___TI_dtors_ptr
0000e006     380 (0000e000)     _DMADest
0000e008     380 (0000e000)     _DMASource
0000e00a     380 (0000e000)     __lock
0000e00c     380 (0000e000)     __unlock

0000e040     381 (0000e040)     _DMABuf2

0033fff8    cfff (0033ffc0)     _CsmPwl

00380090    e002 (00380080)     _PartIdRegs


GLOBAL SYMBOLS: SORTED ALPHABETICALLY BY Name 

page  address   name                            
----  -------   ----                            
0     00008000  .text                           
0     000088b8  C$$EXIT                         
0     000084cf  _ADCINT_ISR                     
0     00380080  _ADC_cal                        
1     00000b00  _AdcMirror                      
1     00007100  _AdcRegs                        
1     00000c00  _CpuTimer0Regs                  
1     00000c08  _CpuTimer1Regs                  
1     00000c10  _CpuTimer2Regs                  
1     0033fff8  _CsmPwl                         
1     00000ae0  _CsmRegs                        
0     000087c5  _CsmUnlock                      
0     000083fd  _DATALOG_ISR                    
0     000085f1  _DINTCH1_ISR                    
0     000085fb  _DINTCH2_ISR                    
0     00008605  _DINTCH3_ISR                    
0     0000860f  _DINTCH4_ISR                    
0     00008619  _DINTCH5_ISR                    
0     00008623  _DINTCH6_ISR                    
1     00000400  _DMABuf1                        
1     0000e040  _DMABuf2                        
0     0000800b  _DMACH1AddrConfig               
0     0000801b  _DMACH1BurstConfig              
0     0000804e  _DMACH1ModeConfig               
0     0000802b  _DMACH1TransferConfig           
0     0000803b  _DMACH1WrapConfig               
0     000080b0  _DMACH2AddrConfig               
0     000080c0  _DMACH2BurstConfig              
0     000080f3  _DMACH2ModeConfig               
0     000080d0  _DMACH2TransferConfig           
0     000080e0  _DMACH2WrapConfig               
0     00008155  _DMACH3AddrConfig               
0     00008165  _DMACH3BurstConfig              
0     00008198  _DMACH3ModeConfig               
0     00008175  _DMACH3TransferConfig           
0     00008185  _DMACH3WrapConfig               
0     000081fa  _DMACH4AddrConfig               
0     0000820a  _DMACH4BurstConfig              
0     0000823d  _DMACH4ModeConfig               
0     0000821a  _DMACH4TransferConfig           
0     0000822a  _DMACH4WrapConfig               
0     0000829f  _DMACH5AddrConfig               
0     000082af  _DMACH5BurstConfig              
0     000082e2  _DMACH5ModeConfig               
0     000082bf  _DMACH5TransferConfig           
0     000082cf  _DMACH5WrapConfig               
0     00008344  _DMACH6AddrConfig               
0     00008354  _DMACH6BurstConfig              
0     00008387  _DMACH6ModeConfig               
0     00008364  _DMACH6TransferConfig           
0     00008374  _DMACH6WrapConfig               
1     0000e006  _DMADest                        
0     00008000  _DMAInitialize                  
1     0000e008  _DMASource                      
0     00008ab8  _DSP28x_usDelay                 
1     00000880  _DevEmuRegs                     
0     00008712  _DisableDog                     
1     00001000  _DmaRegs                        
0     0000867d  _ECAN0INTA_ISR                  
0     00008691  _ECAN0INTB_ISR                  
0     00008687  _ECAN1INTA_ISR                  
0     0000869b  _ECAN1INTB_ISR                  
0     00008565  _ECAP1_INT_ISR                  
0     0000856f  _ECAP2_INT_ISR                  
0     00008579  _ECAP3_INT_ISR                  
0     00008583  _ECAP4_INT_ISR                  
0     0000858d  _ECAP5_INT_ISR                  
0     00008597  _ECAP6_INT_ISR                  
1     00006040  _ECanaLAMRegs                   
1     000060c0  _ECanaMOTORegs                  
1     00006080  _ECanaMOTSRegs                  
1     00006100  _ECanaMboxes                    
1     00006000  _ECanaRegs                      
1     00006240  _ECanbLAMRegs                   
1     000062c0  _ECanbMOTORegs                  
1     00006280  _ECanbMOTSRegs                  
1     00006300  _ECanbMboxes                    
1     00006200  _ECanbRegs                      
1     00006a00  _ECap1Regs                      
1     00006a20  _ECap2Regs                      
1     00006a40  _ECap3Regs                      
1     00006a60  _ECap4Regs                      
1     00006a80  _ECap5Regs                      
1     00006aa0  _ECap6Regs                      
0     00008411  _EMUINT_ISR                     
0     00008529  _EPWM1_INT_ISR                  
0     000084ed  _EPWM1_TZINT_ISR                
0     00008533  _EPWM2_INT_ISR                  
0     000084f7  _EPWM2_TZINT_ISR                
0     0000853d  _EPWM3_INT_ISR                  
0     00008501  _EPWM3_TZINT_ISR                
0     00008547  _EPWM4_INT_ISR                  
0     0000850b  _EPWM4_TZINT_ISR                
0     00008551  _EPWM5_INT_ISR                  
0     00008515  _EPWM5_TZINT_ISR                
0     0000855b  _EPWM6_INT_ISR                  
0     0000851f  _EPWM6_TZINT_ISR                
1     00006800  _EPwm1Regs                      
1     00006840  _EPwm2Regs                      
1     00006880  _EPwm3Regs                      
1     000068c0  _EPwm4Regs                      
1     00006900  _EPwm5Regs                      
1     00006940  _EPwm6Regs                      
0     000085a1  _EQEP1_INT_ISR                  
0     000085ab  _EQEP2_INT_ISR                  
1     00006b00  _EQep1Regs                      
1     00006b40  _EQep2Regs                      
0     00008900  _EnableInterrupts               
1     00000a80  _FlashRegs                      
1     00006f80  _GpioCtrlRegs                   
1     00006fc0  _GpioDataRegs                   
1     00006fe0  _GpioIntRegs                    
0     0000862d  _I2CINT1A_ISR                   
0     00008637  _I2CINT2A_ISR                   
1     00007900  _I2caRegs                       
0     00008425  _ILLEGAL_ISR                    
0     000083e9  _INT13_ISR                      
0     000083f3  _INT14_ISR                      
0     0000876a  _InitPeripheralClocks           
0     000088e1  _InitPieCtrl                    
0     0000892d  _InitPieVectTable               
0     0000871a  _InitPll                        
0     000086ff  _InitSysCtrl                    
0     000086e1  _LUF_ISR                        
0     000086d7  _LVF_ISR                        
0     000085dd  _MRINTA_ISR                     
0     000085c9  _MRINTB_ISR                     
0     000085e7  _MXINTA_ISR                     
0     000085d3  _MXINTB_ISR                     
1     00005000  _McbspaRegs                     
1     00005040  _McbspbRegs                     
0     0000841b  _NMI_ISR                        
0     000086eb  _PIE_RESERVED                   
1     00380090  _PartIdRegs                     
1     00000ce0  _PieCtrlRegs                    
1     00000d00  _PieVectTable                   
0     0000899e  _PieVectTableInit               
0     00008407  _RTOSINT_ISR                    
0     00008655  _SCIRXINTA_ISR                  
0     00008669  _SCIRXINTB_ISR                  
0     00008641  _SCIRXINTC_ISR                  
0     0000865f  _SCITXINTA_ISR                  
0     00008673  _SCITXINTB_ISR                  
0     0000864b  _SCITXINTC_ISR                  
0     000084a7  _SEQ1INT_ISR                    
0     000084b1  _SEQ2INT_ISR                    
0     000085b5  _SPIRXINTA_ISR                  
0     000085bf  _SPITXINTA_ISR                  
1     00007050  _SciaRegs                       
1     00007750  _ScibRegs                       
1     00007770  _ScicRegs                       
0     00008708  _ServiceDog                     
1     00007040  _SpiaRegs                       
0     000080a8  _StartDMACH1                    
0     0000814d  _StartDMACH2                    
0     000081f2  _StartDMACH3                    
0     00008297  _StartDMACH4                    
0     0000833c  _StartDMACH5                    
0     000083e1  _StartDMACH6                    
1     00007010  _SysCtrlRegs                    
0     000084d9  _TINT0_ISR                      
0     00008489  _USER10_ISR                     
0     00008493  _USER11_ISR                     
0     0000849d  _USER12_ISR                     
0     0000842f  _USER1_ISR                      
0     00008439  _USER2_ISR                      
0     00008443  _USER3_ISR                      
0     0000844d  _USER4_ISR                      
0     00008457  _USER5_ISR                      
0     00008461  _USER6_ISR                      
0     0000846b  _USER7_ISR                      
0     00008475  _USER8_ISR                      
0     0000847f  _USER9_ISR                      
0     000084e3  _WAKEINT_ISR                    
0     000084bb  _XINT1_ISR                      
0     000084c5  _XINT2_ISR                      
0     000086a5  _XINT3_ISR                      
0     000086af  _XINT4_ISR                      
0     000086b9  _XINT5_ISR                      
0     000086c3  _XINT6_ISR                      
0     000086cd  _XINT7_ISR                      
1     00007070  _XIntruptRegs                   
1     00000b20  _XintfRegs                      
1     000003d0  __STACK_END                     
abs   00000380  __STACK_SIZE                    
1     0000e002  ___TI_cleanup_ptr               
1     0000e004  ___TI_dtors_ptr                 
1     0000e000  ___TI_enable_exit_profile_output
abs   ffffffff  ___TI_pprof_out_hndl            
abs   ffffffff  ___TI_prof_data_size            
abs   ffffffff  ___TI_prof_data_start           
abs   ffffffff  ___binit__                      
abs   ffffffff  ___c_args__                     
0     00008a9e  ___cinit__                      
0     0000899e  ___etext__                      
abs   ffffffff  ___pinit__                      
0     00008000  ___text__                       
0     0000896a  __args_main                     
1     0000e00a  __lock                          
0     00008992  __nop                           
0     0000898e  __register_lock                 
0     0000898a  __register_unlock               
1     00000050  __stack                         
0     0000899d  __system_post_cinit             
0     0000899b  __system_pre_init               
1     0000e00c  __unlock                        
0     000088b8  _abort                          
0     00008862  _c_int00                        
0     00008909  _copy_in                        
0     000088ba  _exit                           
0     0000897c  _local_DINTCH1_ISR              
0     000087f6  _main                           
0     0000894d  _memcpy                         
0     000086f5  _rsvd_ISR                       
abs   ffffffff  binit                           
0     00008a9e  cinit                           
0     00000000  code_start                      
0     0000899e  etext                           
abs   ffffffff  pinit                           


GLOBAL SYMBOLS: SORTED BY Symbol Address 

page  address   name                            
----  -------   ----                            
0     00000000  code_start                      
0     00008000  .text                           
0     00008000  _DMAInitialize                  
0     00008000  ___text__                       
0     0000800b  _DMACH1AddrConfig               
0     0000801b  _DMACH1BurstConfig              
0     0000802b  _DMACH1TransferConfig           
0     0000803b  _DMACH1WrapConfig               
0     0000804e  _DMACH1ModeConfig               
0     000080a8  _StartDMACH1                    
0     000080b0  _DMACH2AddrConfig               
0     000080c0  _DMACH2BurstConfig              
0     000080d0  _DMACH2TransferConfig           
0     000080e0  _DMACH2WrapConfig               
0     000080f3  _DMACH2ModeConfig               
0     0000814d  _StartDMACH2                    
0     00008155  _DMACH3AddrConfig               
0     00008165  _DMACH3BurstConfig              
0     00008175  _DMACH3TransferConfig           
0     00008185  _DMACH3WrapConfig               
0     00008198  _DMACH3ModeConfig               
0     000081f2  _StartDMACH3                    
0     000081fa  _DMACH4AddrConfig               
0     0000820a  _DMACH4BurstConfig              
0     0000821a  _DMACH4TransferConfig           
0     0000822a  _DMACH4WrapConfig               
0     0000823d  _DMACH4ModeConfig               
0     00008297  _StartDMACH4                    
0     0000829f  _DMACH5AddrConfig               
0     000082af  _DMACH5BurstConfig              
0     000082bf  _DMACH5TransferConfig           
0     000082cf  _DMACH5WrapConfig               
0     000082e2  _DMACH5ModeConfig               
0     0000833c  _StartDMACH5                    
0     00008344  _DMACH6AddrConfig               
0     00008354  _DMACH6BurstConfig              
0     00008364  _DMACH6TransferConfig           
0     00008374  _DMACH6WrapConfig               
0     00008387  _DMACH6ModeConfig               
0     000083e1  _StartDMACH6                    
0     000083e9  _INT13_ISR                      
0     000083f3  _INT14_ISR                      
0     000083fd  _DATALOG_ISR                    
0     00008407  _RTOSINT_ISR                    
0     00008411  _EMUINT_ISR                     
0     0000841b  _NMI_ISR                        
0     00008425  _ILLEGAL_ISR                    
0     0000842f  _USER1_ISR                      
0     00008439  _USER2_ISR                      
0     00008443  _USER3_ISR                      
0     0000844d  _USER4_ISR                      
0     00008457  _USER5_ISR                      
0     00008461  _USER6_ISR                      
0     0000846b  _USER7_ISR                      
0     00008475  _USER8_ISR                      
0     0000847f  _USER9_ISR                      
0     00008489  _USER10_ISR                     
0     00008493  _USER11_ISR                     
0     0000849d  _USER12_ISR                     
0     000084a7  _SEQ1INT_ISR                    
0     000084b1  _SEQ2INT_ISR                    
0     000084bb  _XINT1_ISR                      
0     000084c5  _XINT2_ISR                      
0     000084cf  _ADCINT_ISR                     
0     000084d9  _TINT0_ISR                      
0     000084e3  _WAKEINT_ISR                    
0     000084ed  _EPWM1_TZINT_ISR                
0     000084f7  _EPWM2_TZINT_ISR                
0     00008501  _EPWM3_TZINT_ISR                
0     0000850b  _EPWM4_TZINT_ISR                
0     00008515  _EPWM5_TZINT_ISR                
0     0000851f  _EPWM6_TZINT_ISR                
0     00008529  _EPWM1_INT_ISR                  
0     00008533  _EPWM2_INT_ISR                  
0     0000853d  _EPWM3_INT_ISR                  
0     00008547  _EPWM4_INT_ISR                  
0     00008551  _EPWM5_INT_ISR                  
0     0000855b  _EPWM6_INT_ISR                  
0     00008565  _ECAP1_INT_ISR                  
0     0000856f  _ECAP2_INT_ISR                  
0     00008579  _ECAP3_INT_ISR                  
0     00008583  _ECAP4_INT_ISR                  
0     0000858d  _ECAP5_INT_ISR                  
0     00008597  _ECAP6_INT_ISR                  
0     000085a1  _EQEP1_INT_ISR                  
0     000085ab  _EQEP2_INT_ISR                  
0     000085b5  _SPIRXINTA_ISR                  
0     000085bf  _SPITXINTA_ISR                  
0     000085c9  _MRINTB_ISR                     
0     000085d3  _MXINTB_ISR                     
0     000085dd  _MRINTA_ISR                     
0     000085e7  _MXINTA_ISR                     
0     000085f1  _DINTCH1_ISR                    
0     000085fb  _DINTCH2_ISR                    
0     00008605  _DINTCH3_ISR                    
0     0000860f  _DINTCH4_ISR                    
0     00008619  _DINTCH5_ISR                    
0     00008623  _DINTCH6_ISR                    
0     0000862d  _I2CINT1A_ISR                   
0     00008637  _I2CINT2A_ISR                   
0     00008641  _SCIRXINTC_ISR                  
0     0000864b  _SCITXINTC_ISR                  
0     00008655  _SCIRXINTA_ISR                  
0     0000865f  _SCITXINTA_ISR                  
0     00008669  _SCIRXINTB_ISR                  
0     00008673  _SCITXINTB_ISR                  
0     0000867d  _ECAN0INTA_ISR                  
0     00008687  _ECAN1INTA_ISR                  
0     00008691  _ECAN0INTB_ISR                  
0     0000869b  _ECAN1INTB_ISR                  
0     000086a5  _XINT3_ISR                      
0     000086af  _XINT4_ISR                      
0     000086b9  _XINT5_ISR                      
0     000086c3  _XINT6_ISR                      
0     000086cd  _XINT7_ISR                      
0     000086d7  _LVF_ISR                        
0     000086e1  _LUF_ISR                        
0     000086eb  _PIE_RESERVED                   
0     000086f5  _rsvd_ISR                       
0     000086ff  _InitSysCtrl                    
0     00008708  _ServiceDog                     
0     00008712  _DisableDog                     
0     0000871a  _InitPll                        
0     0000876a  _InitPeripheralClocks           
0     000087c5  _CsmUnlock                      
0     000087f6  _main                           
0     00008862  _c_int00                        
0     000088b8  C$$EXIT                         
0     000088b8  _abort                          
0     000088ba  _exit                           
0     000088e1  _InitPieCtrl                    
0     00008900  _EnableInterrupts               
0     00008909  _copy_in                        
0     0000892d  _InitPieVectTable               
0     0000894d  _memcpy                         
0     0000896a  __args_main                     
0     0000897c  _local_DINTCH1_ISR              
0     0000898a  __register_unlock               
0     0000898e  __register_lock                 
0     00008992  __nop                           
0     0000899b  __system_pre_init               
0     0000899d  __system_post_cinit             
0     0000899e  _PieVectTableInit               
0     0000899e  ___etext__                      
0     0000899e  etext                           
0     00008a9e  ___cinit__                      
0     00008a9e  cinit                           
0     00008ab8  _DSP28x_usDelay                 
0     00380080  _ADC_cal                        
1     00000050  __stack                         
1     000003d0  __STACK_END                     
1     00000400  _DMABuf1                        
1     00000880  _DevEmuRegs                     
1     00000a80  _FlashRegs                      
1     00000ae0  _CsmRegs                        
1     00000b00  _AdcMirror                      
1     00000b20  _XintfRegs                      
1     00000c00  _CpuTimer0Regs                  
1     00000c08  _CpuTimer1Regs                  
1     00000c10  _CpuTimer2Regs                  
1     00000ce0  _PieCtrlRegs                    
1     00000d00  _PieVectTable                   
1     00001000  _DmaRegs                        
1     00005000  _McbspaRegs                     
1     00005040  _McbspbRegs                     
1     00006000  _ECanaRegs                      
1     00006040  _ECanaLAMRegs                   
1     00006080  _ECanaMOTSRegs                  
1     000060c0  _ECanaMOTORegs                  
1     00006100  _ECanaMboxes                    
1     00006200  _ECanbRegs                      
1     00006240  _ECanbLAMRegs                   
1     00006280  _ECanbMOTSRegs                  
1     000062c0  _ECanbMOTORegs                  
1     00006300  _ECanbMboxes                    
1     00006800  _EPwm1Regs                      
1     00006840  _EPwm2Regs                      
1     00006880  _EPwm3Regs                      
1     000068c0  _EPwm4Regs                      
1     00006900  _EPwm5Regs                      
1     00006940  _EPwm6Regs                      
1     00006a00  _ECap1Regs                      
1     00006a20  _ECap2Regs                      
1     00006a40  _ECap3Regs                      
1     00006a60  _ECap4Regs                      
1     00006a80  _ECap5Regs                      
1     00006aa0  _ECap6Regs                      
1     00006b00  _EQep1Regs                      
1     00006b40  _EQep2Regs                      
1     00006f80  _GpioCtrlRegs                   
1     00006fc0  _GpioDataRegs                   
1     00006fe0  _GpioIntRegs                    
1     00007010  _SysCtrlRegs                    
1     00007040  _SpiaRegs                       
1     00007050  _SciaRegs                       
1     00007070  _XIntruptRegs                   
1     00007100  _AdcRegs                        
1     00007750  _ScibRegs                       
1     00007770  _ScicRegs                       
1     00007900  _I2caRegs                       
1     0000e000  ___TI_enable_exit_profile_output
1     0000e002  ___TI_cleanup_ptr               
1     0000e004  ___TI_dtors_ptr                 
1     0000e006  _DMADest                        
1     0000e008  _DMASource                      
1     0000e00a  __lock                          
1     0000e00c  __unlock                        
1     0000e040  _DMABuf2                        
1     0033fff8  _CsmPwl                         
1     00380090  _PartIdRegs                     
abs   00000380  __STACK_SIZE                    
abs   ffffffff  ___TI_pprof_out_hndl            
abs   ffffffff  ___TI_prof_data_size            
abs   ffffffff  ___TI_prof_data_start           
abs   ffffffff  ___binit__                      
abs   ffffffff  ___c_args__                     
abs   ffffffff  ___pinit__                      
abs   ffffffff  binit                           
abs   ffffffff  pinit                           

[219 symbols]
